ï¿½	ï¿½ï¿½Ñ¹esp32: SPI Speed ets Jun  8 2016 00:22:57

rst:0x1 (POWERON_RESET),boot:0x13 (SPI_FAST_FLASH_BOOT)
configsip: 0, SPIWP:0xee
clk_drv:0x00,q_drv:0x00,d_drv:0x00,cs0_drv:0x00,hd_drv:0x00,wp_drv:0x00
mode:DIO, clock div:2
load:0x3fff0030,len:7080
load:0x40078000,len:15584
load:0x40080400,len:4
ho 8 tail 4 room 4
load:0x40080404,len:3876
entry 0x4008064c
[0;32mI (31) boot: ESP-IDF v5.1.2 2nd stage bootloader[0m
[0;32mI (31) boot: compile time Feb  9 2024 14:43:28[0m
[0;32mI (31) boot: Multicore bootloader[0m
[0;32mI (35) boot: chip revision: v1.0[0m
[0;32mI (39) boot.esp32: SPI Speed      : 40MHz[0m
[0;32mI (44) boot.esp32: SPI Mode       : DIO[0m
[0;32mI (48) boot.esp32: SPI Flash Size : 4MB[0m
[0;32mI (53) boot: Enabling RNG early entropy source...[0m
[0;32mI (58) boot: Partition Table:[0m
[0;32mI (62) boot: ## Label            Usage          Type ST Offset   Length[0m
[0;32mI (69) boot:  0 nvs              WiFi data        01 02 00009000 00006000[0m
[0;32mI (77) boot:  1 phy_init         RF data          01 01 0000f000 00001000[0m
[0;32mI (84) boot:  2 factory          factory app      00 00 00010000 00100000[0m
[0;32mI (92) boot: End of partition table[0m
[0;32mI (96) esp_image: segment 0: paddr=00010020 vaddr=3f400020 size=09b88h ( 39816) map[0m
[0;32mI (112) esp_image: segment 1: paddr=00019bb0 vaddr=3ffbdb60 size=033c0h ( 13248) load[0m
[0;32mI (116) esp_image: segment 2: paddr=0001cf78 vaddr=40080000 size=030a0h ( 12448) load[0m
[0;32mI (124) esp_image: segment 3: paddr=00020020 vaddr=400d0020 size=1797ch ( 96636) map[0m
[0;32mI (149) esp_image: segment 4: paddr=000379a4 vaddr=400830a0 size=09458h ( 37976) load[0m
[0;32mI (166) boot: Loaded app from partition at offset 0x10000[0m
[0;32mI (166) boot: Disabling RNG early entropy source...[0m
[0;32mI (178) cpu_start: Multicore app[0m
[0;32mI (178) cpu_start: Pro cpu up.[0m
[0;32mI (178) cpu_start: Starting app cpu, entry point is 0x40081140[0m
[0;32mI (0) cpu_start: App cpu up.[0m
[0;32mI (196) cpu_start: Pro cpu start user code[0m
[0;32mI (196) cpu_start: cpu freq: 240000000 Hz[0m
[0;32mI (196) cpu_start: Application information:[0m
[0;32mI (201) cpu_start: Project name:     blink[0m
[0;32mI (205) cpu_start: App version:      1[0m
[0;32mI (210) cpu_start: Compile time:     Feb  9 2024 14:43:07[0m
[0;32mI (216) cpu_start: ELF file SHA256:  fa2720ebc8f0f177...[0m
[0;32mI (222) cpu_start: ESP-IDF:          v5.1.2[0m
[0;32mI (227) cpu_start: Min chip rev:     v0.0[0m
[0;32mI (232) cpu_start: Max chip rev:     v3.99 [0m
[0;32mI (236) cpu_start: Chip rev:         v1.0[0m
[0;32mI (241) heap_init: Initializing. RAM available for dynamic allocation:[0m
[0;32mI (248) heap_init: At 3FFAE6E0 len 0000F480 (61 KiB): DRAM[0m
[0;32mI (254) heap_init: At 3FFC17D0 len 0001E830 (122 KiB): DRAM[0m
[0;32mI (261) heap_init: At 3FFE0440 len 00003AE0 (14 KiB): D/IRAM[0m
[0;32mI (267) heap_init: At 3FFE4350 len 0001BCB0 (111 KiB): D/IRAM[0m
[0;32mI (273) heap_init: At 4008C4F8 len 00013B08 (78 KiB): IRAM[0m
[0;32mI (281) spi_flash: detected chip: generic[0m
[0;32mI (284) spi_flash: flash io: dio[0m
[0;32mI (289) coexist: coex firmware version: b6d5e8c[0m
[0;32mI (294) app_start: Starting scheduler on CPU0[0m
[0;32[0;32mI (299) app_start: Starting scheduler on CPU1[0m
mI (299) main_task: Started on CPU0[0m
[0;32mI (309) main_task: Calling app_main()[0m
